
> Configure project :app
WARNING: The option setting 'android.defaults.buildfeatures.buildconfig=true' is deprecated.
The current default is 'false'.
It will be removed in version 9.0 of the Android Gradle plugin.
You can resolve this warning in Android Studio via `Refactor` > `Migrate BuildConfig to Gradle Build Files`
WARNING: We recommend using a newer Android Gradle plugin to use compileSdk = 36

This Android Gradle plugin (8.2.0) was tested up to compileSdk = 34.

You are strongly encouraged to update your project to use a newer
Android Gradle plugin that has been tested with compileSdk = 36.

If you are already using the latest version of the Android Gradle plugin,
you may need to wait until a newer version with support for compileSdk = 36 is available.

To suppress this warning, add/update
    android.suppressUnsupportedCompileSdk=36
to this project's gradle.properties.

> Task :app:preBuild UP-TO-DATE
> Task :app:preDebugBuild UP-TO-DATE
> Task :app:mergeDebugNativeDebugMetadata NO-SOURCE
> Task :app:generateDebugBuildConfig UP-TO-DATE
> Task :app:checkDebugAarMetadata UP-TO-DATE
> Task :app:generateDebugResValues UP-TO-DATE
> Task :app:processDebugGoogleServices UP-TO-DATE
> Task :app:mapDebugSourceSetPaths UP-TO-DATE
> Task :app:generateDebugResources UP-TO-DATE
> Task :app:mergeDebugResources UP-TO-DATE
> Task :app:packageDebugResources UP-TO-DATE
> Task :app:parseDebugLocalResources UP-TO-DATE
> Task :app:createDebugCompatibleScreenManifests UP-TO-DATE
> Task :app:extractDeepLinksDebug UP-TO-DATE
> Task :app:processDebugMainManifest UP-TO-DATE
> Task :app:processDebugManifest UP-TO-DATE
> Task :app:processDebugManifestForPackage UP-TO-DATE
> Task :app:processDebugResources UP-TO-DATE
> Task :app:javaPreCompileDebug UP-TO-DATE
> Task :app:mergeDebugShaders UP-TO-DATE
> Task :app:compileDebugShaders NO-SOURCE
> Task :app:generateDebugAssets UP-TO-DATE
> Task :app:mergeDebugAssets UP-TO-DATE
> Task :app:compressDebugAssets UP-TO-DATE
> Task :app:checkDebugDuplicateClasses UP-TO-DATE
> Task :app:desugarDebugFileDependencies UP-TO-DATE
> Task :app:mergeExtDexDebug UP-TO-DATE
> Task :app:mergeLibDexDebug UP-TO-DATE
> Task :app:mergeDebugJniLibFolders UP-TO-DATE
> Task :app:mergeDebugNativeLibs NO-SOURCE
> Task :app:stripDebugDebugSymbols NO-SOURCE
> Task :app:validateSigningDebug UP-TO-DATE
> Task :app:writeDebugAppMetadata UP-TO-DATE
> Task :app:writeDebugSigningConfigVersions UP-TO-DATE

> Task :app:compileDebugKotlin FAILED
.\gradlew.bat : e: file:///C:/Users/paras/Documents/GitHub/Xpense/app/src/main/java/com/rokudo/xpense/activities/LoginActivity.kt:181:62 Type mismatch: inferred type is String? but 
String was expected
At line:1 char:1
+ .\gradlew.bat assembleDebug > build_output.txt 2>&1
+ ~~~~~~~~~~~~~~~~~~~~~~~~~~~~~~~~~~~~~~~~~~~~~~~~~~~
    + CategoryInfo          : NotSpecified: (e: file:///C:/U...ng was expected:String) [], RemoteException
    + FullyQualifiedErrorId : NativeCommandError
 
e: file:///C:/Users/paras/Documents/GitHub/Xpense/app/src/main/java/com/rokudo/xpense/activities/LoginActivity.kt:182:59 Type mismatch: inferred type is String? but String was 
expected
e: file:///C:/Users/paras/Documents/GitHub/Xpense/app/src/main/java/com/rokudo/xpense/activities/MainActivity.kt:122:52 Type mismatch: inferred type is String? but String was 
expected
e: file:///C:/Users/paras/Documents/GitHub/Xpense/app/src/main/java/com/rokudo/xpense/activities/MainActivity.kt:166:47 Only safe (?.) or non-null asserted (!!.) calls are allowed 
on a nullable receiver of type List<String>?
e: file:///C:/Users/paras/Documents/GitHub/Xpense/app/src/main/java/com/rokudo/xpense/data/repositories/InvitesRepo.kt:27:59 Only safe (?.) or non-null asserted (!!.) calls are 
allowed on a nullable receiver of type String?
e: file:///C:/Users/paras/Documents/GitHub/Xpense/app/src/main/java/com/rokudo/xpense/data/repositories/TransactionRepo.kt:69:42 Type mismatch: inferred type is String? but String 
was expected
e: file:///C:/Users/paras/Documents/GitHub/Xpense/app/src/main/java/com/rokudo/xpense/data/repositories/TransactionRepo.kt:69:73 Type mismatch: inferred type is String? but String 
was expected
e: file:///C:/Users/paras/Documents/GitHub/Xpense/app/src/main/java/com/rokudo/xpense/data/repositories/TransactionRepo.kt:114:42 Type mismatch: inferred type is String? but String 
was expected
e: file:///C:/Users/paras/Documents/GitHub/Xpense/app/src/main/java/com/rokudo/xpense/data/repositories/TransactionRepo.kt:114:73 Type mismatch: inferred type is String? but String 
was expected
e: file:///C:/Users/paras/Documents/GitHub/Xpense/app/src/main/java/com/rokudo/xpense/data/repositories/WalletsRepo.kt:33:47 Type mismatch: inferred type is String? but String was 
expected
e: file:///C:/Users/paras/Documents/GitHub/Xpense/app/src/main/java/com/rokudo/xpense/data/repositories/WalletsRepo.kt:56:50 Type mismatch: inferred type is String? but String was 
expected
e: file:///C:/Users/paras/Documents/GitHub/Xpense/app/src/main/java/com/rokudo/xpense/data/repositories/WalletsRepo.kt:121:47 Type mismatch: inferred type is String? but String was 
expected
e: file:///C:/Users/paras/Documents/GitHub/Xpense/app/src/main/java/com/rokudo/xpense/data/viewmodels/AddTransactionViewModel.kt:254:47 Type mismatch: inferred type is String? but 
String was expected
e: file:///C:/Users/paras/Documents/GitHub/Xpense/app/src/main/java/com/rokudo/xpense/data/viewmodels/AddTransactionViewModel.kt:254:60 Type mismatch: inferred type is String? but 
String was expected
e: file:///C:/Users/paras/Documents/GitHub/Xpense/app/src/main/java/com/rokudo/xpense/data/viewmodels/HomeViewModel.kt:122:83 Type mismatch: inferred type is String? but String was 
expected
e: file:///C:/Users/paras/Documents/GitHub/Xpense/app/src/main/java/com/rokudo/xpense/navigation/XpenseNavGraph.kt:172:46 Only safe (?.) or non-null asserted (!!.) calls are 
allowed on a nullable receiver of type String?
e: file:///C:/Users/paras/Documents/GitHub/Xpense/app/src/main/java/com/rokudo/xpense/navigation/XpenseNavGraph.kt:173:63 Type mismatch: inferred type is String? but String was 
expected
e: file:///C:/Users/paras/Documents/GitHub/Xpense/app/src/main/java/com/rokudo/xpense/navigation/XpenseNavGraph.kt:179:46 Only safe (?.) or non-null asserted (!!.) calls are 
allowed on a nullable receiver of type String?
e: file:///C:/Users/paras/Documents/GitHub/Xpense/app/src/main/java/com/rokudo/xpense/navigation/XpenseNavGraph.kt:180:56 Type mismatch: inferred type is String? but String was 
expected
e: file:///C:/Users/paras/Documents/GitHub/Xpense/app/src/main/java/com/rokudo/xpense/navigation/XpenseNavGraph.kt:186:46 Only safe (?.) or non-null asserted (!!.) calls are 
allowed on a nullable receiver of type String?
e: file:///C:/Users/paras/Documents/GitHub/Xpense/app/src/main/java/com/rokudo/xpense/navigation/XpenseNavGraph.kt:187:56 Type mismatch: inferred type is String? but String was 
expected
e: file:///C:/Users/paras/Documents/GitHub/Xpense/app/src/main/java/com/rokudo/xpense/navigation/XpenseNavGraph.kt:247:42 Only safe (?.) or non-null asserted (!!.) calls are 
allowed on a nullable receiver of type String?
e: file:///C:/Users/paras/Documents/GitHub/Xpense/app/src/main/java/com/rokudo/xpense/navigation/XpenseNavGraph.kt:248:82 Type mismatch: inferred type is String? but String was 
expected
e: file:///C:/Users/paras/Documents/GitHub/Xpense/app/src/main/java/com/rokudo/xpense/navigation/XpenseNavGraph.kt:254:99 Type mismatch: inferred type is String? but String was 
expected
e: file:///C:/Users/paras/Documents/GitHub/Xpense/app/src/main/java/com/rokudo/xpense/navigation/XpenseNavGraph.kt:257:99 Type mismatch: inferred type is String? but String was 
expected
e: file:///C:/Users/paras/Documents/GitHub/Xpense/app/src/main/java/com/rokudo/xpense/navigation/XpenseNavGraph.kt:260:106 Type mismatch: inferred type is String? but String was 
expected
e: file:///C:/Users/paras/Documents/GitHub/Xpense/app/src/main/java/com/rokudo/xpense/navigation/XpenseNavGraph.kt:263:106 Type mismatch: inferred type is String? but String was 
expected
e: file:///C:/Users/paras/Documents/GitHub/Xpense/app/src/main/java/com/rokudo/xpense/navigation/XpenseNavGraph.kt:266:106 Type mismatch: inferred type is String? but String was 
expected
e: file:///C:/Users/paras/Documents/GitHub/Xpense/app/src/main/java/com/rokudo/xpense/navigation/XpenseNavGraph.kt:303:36 Type mismatch: inferred type is String? but String was 
expected
e: file:///C:/Users/paras/Documents/GitHub/Xpense/app/src/main/java/com/rokudo/xpense/navigation/XpenseNavGraph.kt:422:43 Type mismatch: inferred type is String? but String was 
expected
e: file:///C:/Users/paras/Documents/GitHub/Xpense/app/src/main/java/com/rokudo/xpense/navigation/XpenseNavGraph.kt:426:43 Type mismatch: inferred type is String? but String was 
expected
e: file:///C:/Users/paras/Documents/GitHub/Xpense/app/src/main/java/com/rokudo/xpense/navigation/XpenseNavGraph.kt:436:57 Type mismatch: inferred type is String? but String was 
expected
e: file:///C:/Users/paras/Documents/GitHub/Xpense/app/src/main/java/com/rokudo/xpense/navigation/XpenseNavGraph.kt:712:61 Type mismatch: inferred type is String? but String was 
expected
e: file:///C:/Users/paras/Documents/GitHub/Xpense/app/src/main/java/com/rokudo/xpense/navigation/XpenseNavGraph.kt:733:68 Type mismatch: inferred type is String? but String was 
expected
e: file:///C:/Users/paras/Documents/GitHub/Xpense/app/src/main/java/com/rokudo/xpense/navigation/XpenseNavGraph.kt:751:51 Type mismatch: inferred type is String? but String was 
expected

[Incubating] Problems report is available at: file:///C:/Users/paras/Documents/GitHub/Xpense/build/reports/problems/problems-report.html

FAILURE: Build failed with an exception.

* What went wrong:
Execution failed for task ':app:compileDebugKotlin'.
> A failure occurred while executing org.jetbrains.kotlin.compilerRunner.GradleCompilerRunnerWithWorkers$GradleKotlinCompilerWorkAction
   > Compilation error. See log for more details

* Try:
> Run with --stacktrace option to get the stack trace.
> Run with --info or --debug option to get more log output.
> Run with --scan to get full insights.
> Get more help at https://help.gradle.org.

Deprecated Gradle features were used in this build, making it incompatible with Gradle 9.0.

You can use '--warning-mode all' to show the individual deprecation warnings and determine if they come from your own scripts or plugins.

For more on this, please refer to https://docs.gradle.org/8.13/userguide/command_line_interface.html#sec:command_line_warnings in the Gradle documentation.

BUILD FAILED in 4s
27 actionable tasks: 1 executed, 26 up-to-date
